// Jest Snapshot v1, https://goo.gl/fbAQLP

exports[`<GridTwoColumns /> should match a snapshot of a grid with two columns 1`] = `
.c5 {
  color: #0A1128;
  font-size: 6.4rem;
  text-transform: uppercase;
}

.c2 {
  display: grid;
  grid-template-columns: 1fr 1fr;
  -webkit-align-items: center;
  -webkit-box-align: center;
  -ms-flex-align: center;
  align-items: center;
  gap: 3.2rem;
}

.c2 .c4 {
  margin-bottom: 3.2rem;
}

.c7 {
  max-width: 72vh;
  max-height: 72vh;
}

.c1 {
  max-width: 120rem;
  margin: 0 auto;
  padding: 3.2rem;
  width: 100%;
}

.c0 {
  background: #fff;
  color: #0A1128;
  min-height: 100vh;
  display: -webkit-box;
  display: -webkit-flex;
  display: -ms-flexbox;
  display: flex;
  -webkit-align-items: center;
  -webkit-box-align: center;
  -ms-flex-align: center;
  align-items: center;
}

.c6 {
  font-size: 2.4rem;
}

@media (max-width:768px) {
  .c5 {
    font-size: 4.0rem;
  }
}

@media (max-width:768px) {
  .c2 {
    grid-template-columns: 1fr;
    text-align: center;
  }
}

@media (max-width:768px) {
  .c3 {
    margin-bottom: 3.2rem;
  }
}

@media (max-width:768px) {
  .c7 {
    max-width: 55vh;
    max-height: 55vh;
  }
}

<div>
  <div
    class="c0"
  >
    <div
      class="c1"
    >
      <div
        class="c2"
      >
        <div
          class="c3"
        >
          <h1
            class="c4 c5"
          >
            Grid Two Columns
          </h1>
          <div
            class="c6"
          >
            All the world, a lot of people! U are the finnest, I ever know. Tantz tantz tantzz
          </div>
        </div>
        <div
          class=""
        >
          <img
            alt="Grid Two Columns"
            class="c7"
            src="assets/images/joy.svg"
          />
        </div>
      </div>
    </div>
  </div>
</div>
`;
